/home/chenpuuuu/ai-robot-chenpuchang/install/quadruped_controller/lib/python3.10/site-packages/quadruped_controller/kinematics.py
/home/chenpuuuu/ai-robot-chenpuchang/install/quadruped_controller/lib/python3.10/site-packages/quadruped_controller/move_robot.py
/home/chenpuuuu/ai-robot-chenpuchang/install/quadruped_controller/lib/python3.10/site-packages/quadruped_controller/gait_generator.py
/home/chenpuuuu/ai-robot-chenpuchang/install/quadruped_controller/lib/python3.10/site-packages/quadruped_controller/real_gait.py
/home/chenpuuuu/ai-robot-chenpuchang/install/quadruped_controller/lib/python3.10/site-packages/quadruped_controller/__init__.py
/home/chenpuuuu/ai-robot-chenpuchang/install/quadruped_controller/lib/python3.10/site-packages/quadruped_controller/balance_controller.py
/home/chenpuuuu/ai-robot-chenpuchang/install/quadruped_controller/lib/python3.10/site-packages/quadruped_controller/controller.py
/home/chenpuuuu/ai-robot-chenpuchang/install/quadruped_controller/lib/python3.10/site-packages/quadruped_controller/__pycache__/kinematics.cpython-310.pyc
/home/chenpuuuu/ai-robot-chenpuchang/install/quadruped_controller/lib/python3.10/site-packages/quadruped_controller/__pycache__/move_robot.cpython-310.pyc
/home/chenpuuuu/ai-robot-chenpuchang/install/quadruped_controller/lib/python3.10/site-packages/quadruped_controller/__pycache__/gait_generator.cpython-310.pyc
/home/chenpuuuu/ai-robot-chenpuchang/install/quadruped_controller/lib/python3.10/site-packages/quadruped_controller/__pycache__/real_gait.cpython-310.pyc
/home/chenpuuuu/ai-robot-chenpuchang/install/quadruped_controller/lib/python3.10/site-packages/quadruped_controller/__pycache__/__init__.cpython-310.pyc
/home/chenpuuuu/ai-robot-chenpuchang/install/quadruped_controller/lib/python3.10/site-packages/quadruped_controller/__pycache__/balance_controller.cpython-310.pyc
/home/chenpuuuu/ai-robot-chenpuchang/install/quadruped_controller/lib/python3.10/site-packages/quadruped_controller/__pycache__/controller.cpython-310.pyc
/home/chenpuuuu/ai-robot-chenpuchang/install/quadruped_controller/share/ament_index/resource_index/packages/quadruped_controller
/home/chenpuuuu/ai-robot-chenpuchang/install/quadruped_controller/share/quadruped_controller/package.xml
/home/chenpuuuu/ai-robot-chenpuchang/install/quadruped_controller/share/quadruped_controller/urdf/test.urdf
/home/chenpuuuu/ai-robot-chenpuchang/install/quadruped_controller/share/quadruped_controller/urdf/quadruped.urdf
/home/chenpuuuu/ai-robot-chenpuchang/install/quadruped_controller/share/quadruped_controller/urdf/quadruped_complete.urdf
/home/chenpuuuu/ai-robot-chenpuchang/install/quadruped_controller/share/quadruped_controller/urdf/quadruped_real.urdf
/home/chenpuuuu/ai-robot-chenpuchang/install/quadruped_controller/share/quadruped_controller/urdf/quadruped_working.urdf
/home/chenpuuuu/ai-robot-chenpuchang/install/quadruped_controller/share/quadruped_controller/launch/display_quadruped.launch.py
/home/chenpuuuu/ai-robot-chenpuchang/install/quadruped_controller/share/quadruped_controller/config/quadruped.rviz
/home/chenpuuuu/ai-robot-chenpuchang/install/quadruped_controller/lib/python3.10/site-packages/quadruped_controller-0.0.0-py3.10.egg-info/SOURCES.txt
/home/chenpuuuu/ai-robot-chenpuchang/install/quadruped_controller/lib/python3.10/site-packages/quadruped_controller-0.0.0-py3.10.egg-info/zip-safe
/home/chenpuuuu/ai-robot-chenpuchang/install/quadruped_controller/lib/python3.10/site-packages/quadruped_controller-0.0.0-py3.10.egg-info/entry_points.txt
/home/chenpuuuu/ai-robot-chenpuchang/install/quadruped_controller/lib/python3.10/site-packages/quadruped_controller-0.0.0-py3.10.egg-info/requires.txt
/home/chenpuuuu/ai-robot-chenpuchang/install/quadruped_controller/lib/python3.10/site-packages/quadruped_controller-0.0.0-py3.10.egg-info/top_level.txt
/home/chenpuuuu/ai-robot-chenpuchang/install/quadruped_controller/lib/python3.10/site-packages/quadruped_controller-0.0.0-py3.10.egg-info/PKG-INFO
/home/chenpuuuu/ai-robot-chenpuchang/install/quadruped_controller/lib/python3.10/site-packages/quadruped_controller-0.0.0-py3.10.egg-info/dependency_links.txt
/home/chenpuuuu/ai-robot-chenpuchang/install/quadruped_controller/lib/quadruped_controller/controller
