[0.514s] Invoking command in '/home/chenpuuuu/ai-robot-chenpuchang/build/quadruped_controller': PYTHONPATH=/home/chenpuuuu/ai-robot-chenpuchang/build/quadruped_controller/prefix_override:/usr/lib/python3/dist-packages/colcon_core/task/python/colcon_distutils_commands:/home/chenpuuuu/ai-robot-chenpuchang/install/quadruped_controller/lib/python3.10/site-packages:${PYTHONPATH} /usr/bin/python3 -W ignore:setup.py install is deprecated -W ignore:easy_install command is deprecated setup.py develop --editable --build-directory /home/chenpuuuu/ai-robot-chenpuchang/build/quadruped_controller/build --no-deps symlink_data
[0.666s] running develop
[0.748s] running egg_info
[0.749s] creating quadruped_controller.egg-info
[0.749s] writing quadruped_controller.egg-info/PKG-INFO
[0.749s] writing dependency_links to quadruped_controller.egg-info/dependency_links.txt
[0.749s] writing entry points to quadruped_controller.egg-info/entry_points.txt
[0.750s] writing requirements to quadruped_controller.egg-info/requires.txt
[0.750s] writing top-level names to quadruped_controller.egg-info/top_level.txt
[0.750s] writing manifest file 'quadruped_controller.egg-info/SOURCES.txt'
[0.751s] reading manifest file 'quadruped_controller.egg-info/SOURCES.txt'
[0.751s] writing manifest file 'quadruped_controller.egg-info/SOURCES.txt'
[0.752s] running build_ext
[0.752s] Creating /home/chenpuuuu/ai-robot-chenpuchang/install/quadruped_controller/lib/python3.10/site-packages/quadruped-controller.egg-link (link to .)
[0.752s] Installing controller script to /home/chenpuuuu/ai-robot-chenpuchang/install/quadruped_controller/lib/quadruped_controller
[0.753s] 
[0.753s] Installed /home/chenpuuuu/ai-robot-chenpuchang/build/quadruped_controller
[0.753s] running symlink_data
[0.753s] creating /home/chenpuuuu/ai-robot-chenpuchang/install/quadruped_controller/share/ament_index
[0.753s] creating /home/chenpuuuu/ai-robot-chenpuchang/install/quadruped_controller/share/ament_index/resource_index
[0.753s] creating /home/chenpuuuu/ai-robot-chenpuchang/install/quadruped_controller/share/ament_index/resource_index/packages
[0.754s] symbolically linking /home/chenpuuuu/ai-robot-chenpuchang/build/quadruped_controller/resource/quadruped_controller -> /home/chenpuuuu/ai-robot-chenpuchang/install/quadruped_controller/share/ament_index/resource_index/packages
[0.754s] symbolically linking /home/chenpuuuu/ai-robot-chenpuchang/build/quadruped_controller/package.xml -> /home/chenpuuuu/ai-robot-chenpuchang/install/quadruped_controller/share/quadruped_controller
[0.754s] creating /home/chenpuuuu/ai-robot-chenpuchang/install/quadruped_controller/share/quadruped_controller/urdf
[0.754s] symbolically linking /home/chenpuuuu/ai-robot-chenpuchang/build/quadruped_controller/urdf/quadruped.urdf -> /home/chenpuuuu/ai-robot-chenpuchang/install/quadruped_controller/share/quadruped_controller/urdf
[0.754s] creating /home/chenpuuuu/ai-robot-chenpuchang/install/quadruped_controller/share/quadruped_controller/launch
[0.754s] symbolically linking /home/chenpuuuu/ai-robot-chenpuchang/build/quadruped_controller/launch/display_quadruped.launch.py -> /home/chenpuuuu/ai-robot-chenpuchang/install/quadruped_controller/share/quadruped_controller/launch
[0.754s] creating /home/chenpuuuu/ai-robot-chenpuchang/install/quadruped_controller/share/quadruped_controller/config
[0.754s] symbolically linking /home/chenpuuuu/ai-robot-chenpuchang/build/quadruped_controller/config/quadruped.rviz -> /home/chenpuuuu/ai-robot-chenpuchang/install/quadruped_controller/share/quadruped_controller/config
[0.774s] Invoked command in '/home/chenpuuuu/ai-robot-chenpuchang/build/quadruped_controller' returned '0': PYTHONPATH=/home/chenpuuuu/ai-robot-chenpuchang/build/quadruped_controller/prefix_override:/usr/lib/python3/dist-packages/colcon_core/task/python/colcon_distutils_commands:/home/chenpuuuu/ai-robot-chenpuchang/install/quadruped_controller/lib/python3.10/site-packages:${PYTHONPATH} /usr/bin/python3 -W ignore:setup.py install is deprecated -W ignore:easy_install command is deprecated setup.py develop --editable --build-directory /home/chenpuuuu/ai-robot-chenpuchang/build/quadruped_controller/build --no-deps symlink_data
