[0.160s] DEBUG:colcon:Command line arguments: ['/usr/bin/colcon', 'build', '--packages-select', 'quadruped_controller', '--symlink-install']
[0.160s] DEBUG:colcon:Parsed command line arguments: Namespace(log_base=None, log_level=None, verb_name='build', build_base='build', install_base='install', merge_install=False, symlink_install=True, test_result_base=None, continue_on_error=False, executor='parallel', parallel_workers=20, event_handlers=None, ignore_user_meta=False, metas=['./colcon.meta'], base_paths=['.'], packages_ignore=None, packages_ignore_regex=None, paths=None, packages_up_to=None, packages_up_to_regex=None, packages_above=None, packages_above_and_dependencies=None, packages_above_depth=None, packages_select_by_dep=None, packages_skip_by_dep=None, packages_skip_up_to=None, packages_select_build_failed=False, packages_skip_build_finished=False, packages_select_test_failures=False, packages_skip_test_passed=False, packages_select=['quadruped_controller'], packages_skip=None, packages_select_regex=None, packages_skip_regex=None, packages_start=None, packages_end=None, allow_overriding=[], cmake_args=None, cmake_target=None, cmake_target_skip_unavailable=False, cmake_clean_cache=False, cmake_clean_first=False, cmake_force_configure=False, ament_cmake_args=None, catkin_cmake_args=None, catkin_skip_building_tests=False, verb_parser=<colcon_defaults.argument_parser.defaults.DefaultArgumentsDecorator object at 0x7f3887a2bf10>, verb_extension=<colcon_core.verb.build.BuildVerb object at 0x7f3887bccd00>, main=<bound method BuildVerb.main of <colcon_core.verb.build.BuildVerb object at 0x7f3887bccd00>>)
[0.329s] Level 1:colcon.colcon_core.package_discovery:discover_packages(colcon_meta) check parameters
[0.329s] Level 1:colcon.colcon_core.package_discovery:discover_packages(recursive) check parameters
[0.330s] Level 1:colcon.colcon_core.package_discovery:discover_packages(ignore) check parameters
[0.330s] Level 1:colcon.colcon_core.package_discovery:discover_packages(path) check parameters
[0.330s] Level 1:colcon.colcon_core.package_discovery:discover_packages(colcon_meta) discover
[0.330s] Level 1:colcon.colcon_core.package_discovery:discover_packages(recursive) discover
[0.330s] INFO:colcon.colcon_core.package_discovery:Crawling recursively for packages in '/home/chenpuuuu/ai-robot-chenpuchang'
[0.330s] Level 1:colcon.colcon_core.package_identification:_identify(.) by extensions ['ignore', 'ignore_ament_install']
[0.330s] Level 1:colcon.colcon_core.package_identification:_identify(.) by extension 'ignore'
[0.330s] Level 1:colcon.colcon_core.package_identification:_identify(.) by extension 'ignore_ament_install'
[0.330s] Level 1:colcon.colcon_core.package_identification:_identify(.) by extensions ['colcon_pkg']
[0.330s] Level 1:colcon.colcon_core.package_identification:_identify(.) by extension 'colcon_pkg'
[0.330s] Level 1:colcon.colcon_core.package_identification:_identify(.) by extensions ['colcon_meta']
[0.330s] Level 1:colcon.colcon_core.package_identification:_identify(.) by extension 'colcon_meta'
[0.330s] Level 1:colcon.colcon_core.package_identification:_identify(.) by extensions ['ros']
[0.330s] Level 1:colcon.colcon_core.package_identification:_identify(.) by extension 'ros'
[0.341s] Level 1:colcon.colcon_core.package_identification:_identify(.) by extensions ['cmake', 'python']
[0.341s] Level 1:colcon.colcon_core.package_identification:_identify(.) by extension 'cmake'
[0.341s] Level 1:colcon.colcon_core.package_identification:_identify(.) by extension 'python'
[0.341s] Level 1:colcon.colcon_core.package_identification:_identify(.) by extensions ['python_setup_py']
[0.341s] Level 1:colcon.colcon_core.package_identification:_identify(.) by extension 'python_setup_py'
[0.341s] Level 1:colcon.colcon_core.package_identification:_identify(build) by extensions ['ignore', 'ignore_ament_install']
[0.341s] Level 1:colcon.colcon_core.package_identification:_identify(build) by extension 'ignore'
[0.341s] Level 1:colcon.colcon_core.package_identification:_identify(build) ignored
[0.341s] Level 1:colcon.colcon_core.package_identification:_identify(install) by extensions ['ignore', 'ignore_ament_install']
[0.341s] Level 1:colcon.colcon_core.package_identification:_identify(install) by extension 'ignore'
[0.341s] Level 1:colcon.colcon_core.package_identification:_identify(install) ignored
[0.341s] Level 1:colcon.colcon_core.package_identification:_identify(log) by extensions ['ignore', 'ignore_ament_install']
[0.341s] Level 1:colcon.colcon_core.package_identification:_identify(log) by extension 'ignore'
[0.341s] Level 1:colcon.colcon_core.package_identification:_identify(log) ignored
[0.341s] Level 1:colcon.colcon_core.package_identification:_identify(quadruped_controller) by extensions ['ignore', 'ignore_ament_install']
[0.341s] Level 1:colcon.colcon_core.package_identification:_identify(quadruped_controller) by extension 'ignore'
[0.341s] Level 1:colcon.colcon_core.package_identification:_identify(quadruped_controller) by extension 'ignore_ament_install'
[0.342s] Level 1:colcon.colcon_core.package_identification:_identify(quadruped_controller) by extensions ['colcon_pkg']
[0.342s] Level 1:colcon.colcon_core.package_identification:_identify(quadruped_controller) by extension 'colcon_pkg'
[0.342s] Level 1:colcon.colcon_core.package_identification:_identify(quadruped_controller) by extensions ['colcon_meta']
[0.342s] Level 1:colcon.colcon_core.package_identification:_identify(quadruped_controller) by extension 'colcon_meta'
[0.342s] Level 1:colcon.colcon_core.package_identification:_identify(quadruped_controller) by extensions ['ros']
[0.342s] Level 1:colcon.colcon_core.package_identification:_identify(quadruped_controller) by extension 'ros'
[0.344s] DEBUG:colcon.colcon_core.package_identification:Package 'quadruped_controller' with type 'ros.ament_python' and name 'quadruped_controller'
[0.344s] Level 1:colcon.colcon_core.package_identification:_identify(week1) by extensions ['ignore', 'ignore_ament_install']
[0.344s] Level 1:colcon.colcon_core.package_identification:_identify(week1) by extension 'ignore'
[0.344s] Level 1:colcon.colcon_core.package_identification:_identify(week1) by extension 'ignore_ament_install'
[0.344s] Level 1:colcon.colcon_core.package_identification:_identify(week1) by extensions ['colcon_pkg']
[0.344s] Level 1:colcon.colcon_core.package_identification:_identify(week1) by extension 'colcon_pkg'
[0.344s] Level 1:colcon.colcon_core.package_identification:_identify(week1) by extensions ['colcon_meta']
[0.344s] Level 1:colcon.colcon_core.package_identification:_identify(week1) by extension 'colcon_meta'
[0.344s] Level 1:colcon.colcon_core.package_identification:_identify(week1) by extensions ['ros']
[0.344s] Level 1:colcon.colcon_core.package_identification:_identify(week1) by extension 'ros'
[0.344s] Level 1:colcon.colcon_core.package_identification:_identify(week1) by extensions ['cmake', 'python']
[0.344s] Level 1:colcon.colcon_core.package_identification:_identify(week1) by extension 'cmake'
[0.344s] Level 1:colcon.colcon_core.package_identification:_identify(week1) by extension 'python'
[0.344s] Level 1:colcon.colcon_core.package_identification:_identify(week1) by extensions ['python_setup_py']
[0.344s] Level 1:colcon.colcon_core.package_identification:_identify(week1) by extension 'python_setup_py'
[0.344s] Level 1:colcon.colcon_core.package_identification:_identify(week2) by extensions ['ignore', 'ignore_ament_install']
[0.344s] Level 1:colcon.colcon_core.package_identification:_identify(week2) by extension 'ignore'
[0.344s] Level 1:colcon.colcon_core.package_identification:_identify(week2) by extension 'ignore_ament_install'
[0.344s] Level 1:colcon.colcon_core.package_identification:_identify(week2) by extensions ['colcon_pkg']
[0.344s] Level 1:colcon.colcon_core.package_identification:_identify(week2) by extension 'colcon_pkg'
[0.344s] Level 1:colcon.colcon_core.package_identification:_identify(week2) by extensions ['colcon_meta']
[0.345s] Level 1:colcon.colcon_core.package_identification:_identify(week2) by extension 'colcon_meta'
[0.345s] Level 1:colcon.colcon_core.package_identification:_identify(week2) by extensions ['ros']
[0.345s] Level 1:colcon.colcon_core.package_identification:_identify(week2) by extension 'ros'
[0.345s] Level 1:colcon.colcon_core.package_identification:_identify(week2) by extensions ['cmake', 'python']
[0.345s] Level 1:colcon.colcon_core.package_identification:_identify(week2) by extension 'cmake'
[0.345s] Level 1:colcon.colcon_core.package_identification:_identify(week2) by extension 'python'
[0.345s] Level 1:colcon.colcon_core.package_identification:_identify(week2) by extensions ['python_setup_py']
[0.345s] Level 1:colcon.colcon_core.package_identification:_identify(week2) by extension 'python_setup_py'
[0.345s] Level 1:colcon.colcon_core.package_identification:_identify(week3) by extensions ['ignore', 'ignore_ament_install']
[0.345s] Level 1:colcon.colcon_core.package_identification:_identify(week3) by extension 'ignore'
[0.345s] Level 1:colcon.colcon_core.package_identification:_identify(week3) by extension 'ignore_ament_install'
[0.345s] Level 1:colcon.colcon_core.package_identification:_identify(week3) by extensions ['colcon_pkg']
[0.345s] Level 1:colcon.colcon_core.package_identification:_identify(week3) by extension 'colcon_pkg'
[0.345s] Level 1:colcon.colcon_core.package_identification:_identify(week3) by extensions ['colcon_meta']
[0.345s] Level 1:colcon.colcon_core.package_identification:_identify(week3) by extension 'colcon_meta'
[0.345s] Level 1:colcon.colcon_core.package_identification:_identify(week3) by extensions ['ros']
[0.345s] Level 1:colcon.colcon_core.package_identification:_identify(week3) by extension 'ros'
[0.345s] Level 1:colcon.colcon_core.package_identification:_identify(week3) by extensions ['cmake', 'python']
[0.345s] Level 1:colcon.colcon_core.package_identification:_identify(week3) by extension 'cmake'
[0.345s] Level 1:colcon.colcon_core.package_identification:_identify(week3) by extension 'python'
[0.345s] Level 1:colcon.colcon_core.package_identification:_identify(week3) by extensions ['python_setup_py']
[0.345s] Level 1:colcon.colcon_core.package_identification:_identify(week3) by extension 'python_setup_py'
[0.345s] Level 1:colcon.colcon_core.package_identification:_identify(week4) by extensions ['ignore', 'ignore_ament_install']
[0.345s] Level 1:colcon.colcon_core.package_identification:_identify(week4) by extension 'ignore'
[0.345s] Level 1:colcon.colcon_core.package_identification:_identify(week4) by extension 'ignore_ament_install'
[0.345s] Level 1:colcon.colcon_core.package_identification:_identify(week4) by extensions ['colcon_pkg']
[0.345s] Level 1:colcon.colcon_core.package_identification:_identify(week4) by extension 'colcon_pkg'
[0.345s] Level 1:colcon.colcon_core.package_identification:_identify(week4) by extensions ['colcon_meta']
[0.345s] Level 1:colcon.colcon_core.package_identification:_identify(week4) by extension 'colcon_meta'
[0.345s] Level 1:colcon.colcon_core.package_identification:_identify(week4) by extensions ['ros']
[0.345s] Level 1:colcon.colcon_core.package_identification:_identify(week4) by extension 'ros'
[0.345s] Level 1:colcon.colcon_core.package_identification:_identify(week4) by extensions ['cmake', 'python']
[0.345s] Level 1:colcon.colcon_core.package_identification:_identify(week4) by extension 'cmake'
[0.345s] Level 1:colcon.colcon_core.package_identification:_identify(week4) by extension 'python'
[0.345s] Level 1:colcon.colcon_core.package_identification:_identify(week4) by extensions ['python_setup_py']
[0.345s] Level 1:colcon.colcon_core.package_identification:_identify(week4) by extension 'python_setup_py'
[0.345s] Level 1:colcon.colcon_core.package_discovery:discover_packages(recursive) using defaults
[0.346s] Level 1:colcon.colcon_core.package_discovery:discover_packages(ignore) discover
[0.346s] Level 1:colcon.colcon_core.package_discovery:discover_packages(ignore) using defaults
[0.346s] Level 1:colcon.colcon_core.package_discovery:discover_packages(path) discover
[0.346s] Level 1:colcon.colcon_core.package_discovery:discover_packages(path) using defaults
[0.373s] Level 1:colcon.colcon_core.package_discovery:discover_packages(prefix_path) check parameters
[0.373s] Level 1:colcon.colcon_core.package_discovery:discover_packages(prefix_path) discover
[0.375s] WARNING:colcon.colcon_ros.prefix_path.ament:The path '/home/chenpuuuu/ai-robot-chenpuchang/install/quadruped_controller' in the environment variable AMENT_PREFIX_PATH doesn't exist
[0.377s] DEBUG:colcon.colcon_installed_package_information.package_discovery:Found 0 installed packages in /home/chenpuuuu/ai-robot-chenpuchang/install
[0.377s] DEBUG:colcon.colcon_installed_package_information.package_discovery:Found 274 installed packages in /opt/ros/humble
[0.388s] Level 1:colcon.colcon_core.package_discovery:discover_packages(prefix_path) using defaults
[0.451s] Level 5:colcon.colcon_core.verb:set package 'quadruped_controller' build argument 'cmake_args' from command line to 'None'
[0.452s] Level 5:colcon.colcon_core.verb:set package 'quadruped_controller' build argument 'cmake_target' from command line to 'None'
[0.452s] Level 5:colcon.colcon_core.verb:set package 'quadruped_controller' build argument 'cmake_target_skip_unavailable' from command line to 'False'
[0.452s] Level 5:colcon.colcon_core.verb:set package 'quadruped_controller' build argument 'cmake_clean_cache' from command line to 'False'
[0.452s] Level 5:colcon.colcon_core.verb:set package 'quadruped_controller' build argument 'cmake_clean_first' from command line to 'False'
[0.452s] Level 5:colcon.colcon_core.verb:set package 'quadruped_controller' build argument 'cmake_force_configure' from command line to 'False'
[0.452s] Level 5:colcon.colcon_core.verb:set package 'quadruped_controller' build argument 'ament_cmake_args' from command line to 'None'
[0.452s] Level 5:colcon.colcon_core.verb:set package 'quadruped_controller' build argument 'catkin_cmake_args' from command line to 'None'
[0.452s] Level 5:colcon.colcon_core.verb:set package 'quadruped_controller' build argument 'catkin_skip_building_tests' from command line to 'False'
[0.452s] DEBUG:colcon.colcon_core.verb:Building package 'quadruped_controller' with the following arguments: {'ament_cmake_args': None, 'build_base': '/home/chenpuuuu/ai-robot-chenpuchang/build/quadruped_controller', 'catkin_cmake_args': None, 'catkin_skip_building_tests': False, 'cmake_args': None, 'cmake_clean_cache': False, 'cmake_clean_first': False, 'cmake_force_configure': False, 'cmake_target': None, 'cmake_target_skip_unavailable': False, 'install_base': '/home/chenpuuuu/ai-robot-chenpuchang/install/quadruped_controller', 'merge_install': False, 'path': '/home/chenpuuuu/ai-robot-chenpuchang/quadruped_controller', 'symlink_install': True, 'test_result_base': None}
[0.452s] INFO:colcon.colcon_core.executor:Executing jobs using 'parallel' executor
[0.453s] DEBUG:colcon.colcon_parallel_executor.executor.parallel:run_until_complete
[0.453s] INFO:colcon.colcon_ros.task.ament_python.build:Building ROS package in '/home/chenpuuuu/ai-robot-chenpuchang/quadruped_controller' with build type 'ament_python'
[0.454s] Level 1:colcon.colcon_core.shell:create_environment_hook('quadruped_controller', 'ament_prefix_path')
[0.458s] INFO:colcon.colcon_core.plugin_system:Skipping extension 'colcon_core.shell.bat': Not used on non-Windows systems
[0.458s] INFO:colcon.colcon_core.shell:Creating environment hook '/home/chenpuuuu/ai-robot-chenpuchang/install/quadruped_controller/share/quadruped_controller/hook/ament_prefix_path.ps1'
[0.459s] INFO:colcon.colcon_core.shell:Creating environment descriptor '/home/chenpuuuu/ai-robot-chenpuchang/install/quadruped_controller/share/quadruped_controller/hook/ament_prefix_path.dsv'
[0.460s] INFO:colcon.colcon_core.shell:Creating environment hook '/home/chenpuuuu/ai-robot-chenpuchang/install/quadruped_controller/share/quadruped_controller/hook/ament_prefix_path.sh'
[0.460s] INFO:colcon.colcon_core.shell:Skip shell extension 'powershell' for command environment: Not usable outside of PowerShell
[0.461s] DEBUG:colcon.colcon_core.shell:Skip shell extension 'dsv' for command environment
[0.627s] INFO:colcon.colcon_core.task.python.build:Building Python package in '/home/chenpuuuu/ai-robot-chenpuchang/quadruped_controller'
[0.627s] INFO:colcon.colcon_core.shell:Skip shell extension 'powershell' for command environment: Not usable outside of PowerShell
[0.627s] DEBUG:colcon.colcon_core.shell:Skip shell extension 'dsv' for command environment
[0.968s] DEBUG:colcon.colcon_core.event_handler.log_command:Invoking command in '/home/chenpuuuu/ai-robot-chenpuchang/build/quadruped_controller': PYTHONPATH=/home/chenpuuuu/ai-robot-chenpuchang/build/quadruped_controller/prefix_override:/usr/lib/python3/dist-packages/colcon_core/task/python/colcon_distutils_commands:/home/chenpuuuu/ai-robot-chenpuchang/install/quadruped_controller/lib/python3.10/site-packages:${PYTHONPATH} /usr/bin/python3 -W ignore:setup.py install is deprecated -W ignore:easy_install command is deprecated setup.py develop --editable --build-directory /home/chenpuuuu/ai-robot-chenpuchang/build/quadruped_controller/build --no-deps symlink_data
[1.227s] Level 1:colcon.colcon_core.shell:create_environment_hook('quadruped_controller', 'pythonpath_develop')
[1.227s] INFO:colcon.colcon_core.shell:Creating environment hook '/home/chenpuuuu/ai-robot-chenpuchang/build/quadruped_controller/share/quadruped_controller/hook/pythonpath_develop.ps1'
[1.228s] DEBUG:colcon.colcon_core.event_handler.log_command:Invoked command in '/home/chenpuuuu/ai-robot-chenpuchang/build/quadruped_controller' returned '0': PYTHONPATH=/home/chenpuuuu/ai-robot-chenpuchang/build/quadruped_controller/prefix_override:/usr/lib/python3/dist-packages/colcon_core/task/python/colcon_distutils_commands:/home/chenpuuuu/ai-robot-chenpuchang/install/quadruped_controller/lib/python3.10/site-packages:${PYTHONPATH} /usr/bin/python3 -W ignore:setup.py install is deprecated -W ignore:easy_install command is deprecated setup.py develop --editable --build-directory /home/chenpuuuu/ai-robot-chenpuchang/build/quadruped_controller/build --no-deps symlink_data
[1.228s] INFO:colcon.colcon_core.shell:Creating environment descriptor '/home/chenpuuuu/ai-robot-chenpuchang/build/quadruped_controller/share/quadruped_controller/hook/pythonpath_develop.dsv'
[1.229s] INFO:colcon.colcon_core.shell:Creating environment hook '/home/chenpuuuu/ai-robot-chenpuchang/build/quadruped_controller/share/quadruped_controller/hook/pythonpath_develop.sh'
[1.233s] Level 1:colcon.colcon_core.environment:checking '/home/chenpuuuu/ai-robot-chenpuchang/install/quadruped_controller' for CMake module files
[1.233s] Level 1:colcon.colcon_core.environment:checking '/home/chenpuuuu/ai-robot-chenpuchang/install/quadruped_controller' for CMake config files
[1.233s] Level 1:colcon.colcon_core.environment:checking '/home/chenpuuuu/ai-robot-chenpuchang/install/quadruped_controller/lib'
[1.234s] Level 1:colcon.colcon_core.environment:checking '/home/chenpuuuu/ai-robot-chenpuchang/install/quadruped_controller/bin'
[1.234s] Level 1:colcon.colcon_core.environment:checking '/home/chenpuuuu/ai-robot-chenpuchang/install/quadruped_controller/lib/pkgconfig/quadruped_controller.pc'
[1.234s] Level 1:colcon.colcon_core.environment:checking '/home/chenpuuuu/ai-robot-chenpuchang/install/quadruped_controller/lib/python3.10/site-packages'
[1.234s] Level 1:colcon.colcon_core.shell:create_environment_hook('quadruped_controller', 'pythonpath')
[1.234s] INFO:colcon.colcon_core.shell:Creating environment hook '/home/chenpuuuu/ai-robot-chenpuchang/install/quadruped_controller/share/quadruped_controller/hook/pythonpath.ps1'
[1.234s] INFO:colcon.colcon_core.shell:Creating environment descriptor '/home/chenpuuuu/ai-robot-chenpuchang/install/quadruped_controller/share/quadruped_controller/hook/pythonpath.dsv'
[1.235s] INFO:colcon.colcon_core.shell:Creating environment hook '/home/chenpuuuu/ai-robot-chenpuchang/install/quadruped_controller/share/quadruped_controller/hook/pythonpath.sh'
[1.235s] Level 1:colcon.colcon_core.environment:checking '/home/chenpuuuu/ai-robot-chenpuchang/install/quadruped_controller/bin'
[1.235s] Level 1:colcon.colcon_core.environment:create_environment_scripts_only(quadruped_controller)
[1.235s] INFO:colcon.colcon_core.shell:Creating package script '/home/chenpuuuu/ai-robot-chenpuchang/install/quadruped_controller/share/quadruped_controller/package.ps1'
[1.236s] INFO:colcon.colcon_core.shell:Creating package descriptor '/home/chenpuuuu/ai-robot-chenpuchang/install/quadruped_controller/share/quadruped_controller/package.dsv'
[1.237s] INFO:colcon.colcon_core.shell:Creating package script '/home/chenpuuuu/ai-robot-chenpuchang/install/quadruped_controller/share/quadruped_controller/package.sh'
[1.237s] INFO:colcon.colcon_core.shell:Creating package script '/home/chenpuuuu/ai-robot-chenpuchang/install/quadruped_controller/share/quadruped_controller/package.bash'
[1.238s] INFO:colcon.colcon_core.shell:Creating package script '/home/chenpuuuu/ai-robot-chenpuchang/install/quadruped_controller/share/quadruped_controller/package.zsh'
[1.239s] Level 1:colcon.colcon_core.environment:create_file_with_runtime_dependencies(/home/chenpuuuu/ai-robot-chenpuchang/install/quadruped_controller/share/colcon-core/packages/quadruped_controller)
[1.239s] DEBUG:colcon.colcon_parallel_executor.executor.parallel:closing loop
[1.240s] DEBUG:colcon.colcon_parallel_executor.executor.parallel:loop closed
[1.240s] DEBUG:colcon.colcon_parallel_executor.executor.parallel:run_until_complete finished with '0'
[1.240s] DEBUG:colcon.colcon_core.event_reactor:joining thread
[1.259s] INFO:colcon.colcon_core.plugin_system:Skipping extension 'colcon_notification.desktop_notification.notify_send': Could not find 'notify-send'
[1.259s] INFO:colcon.colcon_core.plugin_system:Skipping extension 'colcon_notification.desktop_notification.terminal_notifier': Not used on non-Darwin systems
[1.259s] INFO:colcon.colcon_core.plugin_system:Skipping extension 'colcon_notification.desktop_notification.win32': Not used on non-Windows systems
[1.259s] INFO:colcon.colcon_notification.desktop_notification:Sending desktop notification using 'notify2'
[1.259s] DEBUG:colcon.colcon_notification.desktop_notification.notify2:Failed to initialize notify2: org.freedesktop.DBus.Error.FileNotFound: Failed to connect to socket /run/user/1000/bus: No such file or directory
[1.259s] DEBUG:colcon.colcon_core.event_reactor:joined thread
[1.260s] INFO:colcon.colcon_core.shell:Creating prefix script '/home/chenpuuuu/ai-robot-chenpuchang/install/local_setup.ps1'
[1.261s] INFO:colcon.colcon_core.shell:Creating prefix util module '/home/chenpuuuu/ai-robot-chenpuchang/install/_local_setup_util_ps1.py'
[1.262s] INFO:colcon.colcon_core.shell:Creating prefix chain script '/home/chenpuuuu/ai-robot-chenpuchang/install/setup.ps1'
[1.262s] INFO:colcon.colcon_core.shell:Creating prefix script '/home/chenpuuuu/ai-robot-chenpuchang/install/local_setup.sh'
[1.263s] INFO:colcon.colcon_core.shell:Creating prefix util module '/home/chenpuuuu/ai-robot-chenpuchang/install/_local_setup_util_sh.py'
[1.264s] INFO:colcon.colcon_core.shell:Creating prefix chain script '/home/chenpuuuu/ai-robot-chenpuchang/install/setup.sh'
[1.264s] INFO:colcon.colcon_core.shell:Creating prefix script '/home/chenpuuuu/ai-robot-chenpuchang/install/local_setup.bash'
[1.265s] INFO:colcon.colcon_core.shell:Creating prefix chain script '/home/chenpuuuu/ai-robot-chenpuchang/install/setup.bash'
[1.266s] INFO:colcon.colcon_core.shell:Creating prefix script '/home/chenpuuuu/ai-robot-chenpuchang/install/local_setup.zsh'
[1.266s] INFO:colcon.colcon_core.shell:Creating prefix chain script '/home/chenpuuuu/ai-robot-chenpuchang/install/setup.zsh'
